[www.cs.umb.edu/index.html]
[backblue.gif]
[fade.gif]
[index.html]
[www.cs.umb.edu/static/bootstrap.min.css]
[www.cs.umb.edu/static/bootstrap_carousel.css]
[www.cs.umb.edu/static/layout/styles/layout.css]
[www.cs.umb.edu/static/event.css]
[www.cs.umb.edu/static/layout/styles/fontawesome-4.2.0.min.css]
[www.cs.umb.edu/static/carousel.css]
[www.cs.umb.edu/static/style.css]
[www.cs.umb.edu/static/images/favicon.gif]
[www.cs.umb.edu/static/images/umass_logo/logo.png]
[www.cs.umb.edu/sp/about/contact_us/index.html]
[www.cs.umb.edu/media/img/mainpage/Mainpage_Spring_2019_TechTogether_3.jpg]
[www.cs.umb.edu/sp/resources/other/faqs/index.html]
[www.cs.umb.edu/sp/about/the_department/index.html]
[www.cs.umb.edu/sp/about/facilities/index.html]
[www.cs.umb.edu/sp/about/index.html]
[www.cs.umb.edu/sp/about/getting_here/index.html]
[www.cs.umb.edu/media/img/mainpage/Mainpage_Spring_2019_TechTogether_1.jpg]
[www.cs.umb.edu/sp/getting_here/accommodations/index.html]
[www.cs.umb.edu/sp/getting_here/campus_map/index.html]
[www.cs.umb.edu/sp/academics/index.html]
[www.cs.umb.edu/sp/getting_here/sites_attractions/index.html]
[www.cs.umb.edu/media/img/mainpage/IMG_1473.jpg]
[www.cs.umb.edu/sp/academics/undergraduate_programs/cs_ba/index.html]
[www.cs.umb.edu/sp/academics/student_funding/index.html]
[www.cs.umb.edu/sp/academics/undergraduate_programs/index.html]
[www.cs.umb.edu/sp/academics/admissions/index.html]
[www.cs.umb.edu/media/img/mainpage/IMG_1461.jpg]
[www.cs.umb.edu/sp/academics/graduate_programs/index.html]
[www.cs.umb.edu/sp/academics/undergraduate_programs/cs_bs/index.html]
[www.cs.umb.edu/sp/academics/cs_minor/index.html]
[www.cs.umb.edu/sp/academics/undergraduate_programs/it_bs/index.html]
[www.cs.umb.edu/media/img/mainpage/IMG_1030.jpg]
[www.cs.umb.edu/sp/academics/certificate_programs/index.html]
[www.cs.umb.edu/sp/academics/graduate_programs/cs_ms/index.html]
[www.cs.umb.edu/sp/academics/graduate_programs/cs_phd/index.html]
[www.cs.umb.edu/sp/academics/honors_program/index.html]
[www.cs.umb.edu/media/documents/JDDataScientist.pdf]
[www.cs.umb.edu/media/documents/office_hours.pdf]
[www.cs.umb.edu/sp/academics/certificate_programs/graduate/index.html]
[www.cs.umb.edu/sp/academics/certificate_programs/undergraduate/index.html]
[www.cs.umb.edu/academics/courses/undergraduate/index.html]
[www.cs.umb.edu/academics/courses/index.html]
[www.cs.umb.edu_443/umbcs/documents/CS_dept_IT_Policies.pdf]
[www.cs.umb.edu/academics/courses/graduate/index.html]
[www.cs.umb.edu/sp/people/index.html]
[www.cs.umb.edu/academics/course_schedule/index.html]
[www.cs.umb.edu/people/faculty/retired/index.html]
[www.cs.umb.edu/people/faculty/active/index.html]
[www.cs.umb.edu/people/faculty/index.html]
[www.cs.umb.edu/static/images/social/facebook@2x.png]
[www.cs.umb.edu/static/images/social/twitter@2x.png]
[www.cs.umb.edu/people/staff/index.html]
[www.cs.umb.edu/people/staff/retired/index.html]
[www.cs.umb.edu/static/images/social/youtube@2x.png]
[www.cs.umb.edu/people/memoriam/index.html]
[www.cs.umb.edu/sp/research/index.html]
[www.cs.umb.edu/research/groups/index.html]
[www.cs.umb.edu/research/funding/index.html]
[www.cs.umb.edu/static/layout/scripts/jquery.min.js]
[www.cs.umb.edu/sp/news_and_events/index.html]
[www.cs.umb.edu/news_and_events/announcements/index.html]
[www.cs.umb.edu/news_and_events/events_calendar/index.html]
[www.cs.umb.edu/news_and_events/colloquia/index.html]
[www.cs.umb.edu/static/bootstrap.min.js]
[www.cs.umb.edu/static/layout/scripts/jquery.mobilemenu.js]
[www.cs.umb.edu/sp/news_and_events/faculty_search/index.html]
[www.cs.umb.edu/sp/news_and_events/staff_search/index.html]
[www.cs.umb.edu/news_and_events/jobs_and_internships/index.html]
[www.cs.umb.edu/sp/resources/index.html]
[www.cs.umb.edu/static/layout/scripts/tabslet/jquery.tabslet.min.js]
[www.cs.umb.edu/index.html]
[www.cs.umb.edu/news_and_events/announcements/385/index.html]
[www.cs.umb.edu/news_and_events/announcements/372/index.html]
[www.cs.umb.edu/news_and_events/events_calendar/284/index.html]
[www.cs.umb.edu/sp/about/contact_us/index.html]
[www.cs.umb.edu/people/Ming_Ouyang/index.html]
[www.cs.umb.edu/people/Glenn_Hoffman/index.html]
[www.cs.umb.edu/people/Dan_Simovici/index.html]
[www.cs.umb.edu/people/Peter_Fejer/index.html]
[www.cs.umb.edu/people/Tiago_Cogumbreiro/index.html]
[www.cs.umb.edu/people/Elizabeth_O'Neil/index.html]
[www.cs.umb.edu/people/Debbie_Wade/index.html]
[www.cs.umb.edu/people/Gemma_Galecia/index.html]
[www.cs.umb.edu/umbcs/img/regular/third_floor_map.jpg]
[www.cs.umb.edu/sp/resources/other/faqs/index.html]
[www.cs.umb.edu/sp/about/index.html]
[www.cs.umb.edu/sp/about/the_department/index.html]
[www.cs.umb.edu/media/img/regular/unix_lab14.jpg]
[www.cs.umb.edu/people/Cristian_Peguero/index.html]
[www.cs.umb.edu/people/Marc_Pomplun/index.html]
[www.cs.umb.edu/media/img/regular/war_room.jpg]
[www.cs.umb.edu/sp/about/facilities/policies/index.html]
[www.cs.umb.edu/media/img/regular/Web_Lab_1.jpg]
[www.cs.umb.edu/media/img/regular/Web_Lab_2.jpg]
[www.cs.umb.edu/media/img/regular/IT_Lab_1.jpg]
[www.cs.umb.edu/media/img/regular/IT_Lab_2.jpg]
[www.cs.umb.edu/sp/about/facilities/index.html]
[www.cs.umb.edu/sp/about/getting_here/index.html]
[www.cs.umb.edu/sp/getting_here/accommodations/index.html]
[www.cs.umb.edu/sp/getting_here/sites_attractions/index.html]
[www.cs.umb.edu/media/documents/2019.03.25_Campus_Center_Transportation_Map.pdf]
[www.cs.umb.edu/media/documents/third_floor_map.pdf]
[www.cs.umb.edu/sp/getting_here/campus_map/index.html]
[www.cs.umb.edu/sp/academics/index.html]
[www.cs.umb.edu/sp/academics/admissions/index.html]
[www.cs.umb.edu/sp/academics/student_funding/index.html]
[www.cs.umb.edu/academics/courses/CS105/index.html]
[www.cs.umb.edu/sp/academics/undergraduate_programs/index.html]
[www.cs.umb.edu/academics/courses/cs110/index.html]
[www.cs.umb.edu/academics/courses/cs210L/index.html]
[www.cs.umb.edu/academics/courses/cs220/index.html]
[www.cs.umb.edu/academics/courses/cs240/index.html]
[www.cs.umb.edu/academics/courses/cs310/index.html]
[www.cs.umb.edu/academics/courses/cs341/index.html]
[www.cs.umb.edu/academics/courses/cs420/index.html]
[www.cs.umb.edu/academics/courses/cs450/index.html]
[www.cs.umb.edu/academics/courses/cs444/index.html]
[www.cs.umb.edu/academics/courses/cs451/index.html]
[www.cs.umb.edu/academics/courses/cs410/index.html]
[www.cs.umb.edu/academics/courses/cs411/index.html]
[www.cs.umb.edu/academics/courses/cs430/index.html]
[www.cs.umb.edu/academics/courses/cs433/index.html]
[www.cs.umb.edu/academics/courses/cs436/index.html]
[www.cs.umb.edu/academics/courses/cs437/index.html]
[www.cs.umb.edu/academics/courses/cs438/index.html]
[www.cs.umb.edu/academics/courses/cs442/index.html]
[www.cs.umb.edu/academics/courses/cs443/index.html]
[www.cs.umb.edu/academics/courses/cs445/index.html]
[www.cs.umb.edu/academics/courses/cs446/index.html]
[www.cs.umb.edu/academics/courses/cs449/index.html]
[www.cs.umb.edu/academics/courses/cs460/index.html]
[www.cs.umb.edu/academics/courses/cs461/index.html]
[www.cs.umb.edu/academics/courses/cs470/index.html]
[www.cs.umb.edu/academics/courses/cs615/index.html]
[www.cs.umb.edu/academics/courses/cs630/index.html]
[www.cs.umb.edu/academics/courses/cs634/index.html]
[www.cs.umb.edu/academics/courses/cs636/index.html]
[www.cs.umb.edu/academics/courses/cs637/index.html]
[www.cs.umb.edu/academics/courses/cs638/index.html]
[www.cs.umb.edu/academics/courses/cs642/index.html]
[www.cs.umb.edu/academics/courses/cs644/index.html]
[www.cs.umb.edu/academics/courses/cs646/index.html]
[www.cs.umb.edu/academics/courses/cs648/index.html]
[www.cs.umb.edu/academics/courses/cs651/index.html]
[www.cs.umb.edu/academics/courses/cs670/index.html]
[www.cs.umb.edu/academics/courses/cs671/index.html]
[www.cs.umb.edu/academics/courses/cs675/index.html]
[www.cs.umb.edu/academics/courses/cs680/index.html]
[www.cs.umb.edu/academics/courses/cs620/index.html]
[www.cs.umb.edu/academics/courses/cs622/index.html]
[www.cs.umb.edu/sp/academics/undergraduate_programs/cs_ba/index.html]
[www.cs.umb.edu/sp/academics/undergraduate_programs/cs_bs/index.html]
[www.cs.umb.edu/academics/courses/CS110/index-2.html]
[www.cs.umb.edu/academics/courses/cs624/index.html]
[www.cs.umb.edu/academics/courses/CS210L/index-2.html]
[www.cs.umb.edu/academics/courses/CS220/index-2.html]
[www.cs.umb.edu/academics/courses/CS410/index-2.html]
[www.cs.umb.edu/academics/courses/CS310/index-2.html]
[www.cs.umb.edu/academics/courses/CS341/index-2.html]
[www.cs.umb.edu/academics/courses/CS240/index-2.html]
[www.cs.umb.edu/academics/courses/CS450/index-2.html]
[www.cs.umb.edu/academics/courses/CS420/index-2.html]
[www.cs.umb.edu/academics/courses/CS451/index-2.html]
[www.cs.umb.edu/academics/courses/CS444/index-2.html]
[www.cs.umb.edu/academics/courses/CS411/index-2.html]
[www.cs.umb.edu/academics/courses/CS651/index-2.html]
[www.cs.umb.edu/academics/courses/CS430/index-2.html]
[www.cs.umb.edu/academics/courses/CS436/index-2.html]
[www.cs.umb.edu/academics/courses/CS433/index-2.html]
[www.cs.umb.edu/academics/courses/CS437/index-2.html]
[www.cs.umb.edu/academics/courses/CS438/index-2.html]
[www.cs.umb.edu/academics/courses/CS442/index-2.html]
[www.cs.umb.edu/academics/courses/CS443/index-2.html]
[www.cs.umb.edu/academics/courses/CS446/index-2.html]
[www.cs.umb.edu/academics/courses/CS449/index-2.html]
[www.cs.umb.edu/academics/courses/CS461/index-2.html]
[www.cs.umb.edu/academics/courses/CS470/index-2.html]
[www.cs.umb.edu/academics/courses/CS615/index-2.html]
[www.cs.umb.edu/academics/courses/CS460/index-2.html]
[www.cs.umb.edu/academics/courses/CS622/index-2.html]
[www.cs.umb.edu/academics/courses/CS624/index-2.html]
[www.cs.umb.edu/academics/courses/CS620/index-2.html]
[www.cs.umb.edu/academics/courses/CS630/index-2.html]
[www.cs.umb.edu/academics/courses/CS636/index-2.html]
[www.cs.umb.edu/academics/courses/CS637/index-2.html]
[www.cs.umb.edu/academics/courses/CS634/index-2.html]
[www.cs.umb.edu/academics/courses/CS638/index-2.html]
[www.cs.umb.edu/academics/courses/CS644/index-2.html]
[www.cs.umb.edu/academics/courses/CS642/index-2.html]
[www.cs.umb.edu/academics/courses/CS646/index-2.html]
[www.cs.umb.edu/academics/courses/CS648/index-2.html]
[www.cs.umb.edu/academics/courses/CS680/index-2.html]
[www.cs.umb.edu/academics/courses/CS675/index-2.html]
[www.cs.umb.edu/academics/courses/CS670/index-2.html]
[www.cs.umb.edu/academics/courses/CS671/index-2.html]
[www.cs.umb.edu/sp/academics/undergraduate_programs/it_bs/index.html]
[www.cs.umb.edu/academics/courses/it370/index.html]
[www.cs.umb.edu/academics/courses/it471/index.html]
[www.cs.umb.edu/academics/courses/it472/index.html]
[www.cs.umb.edu/academics/courses/it360/index-2.html]
[www.cs.umb.edu/academics/courses/it428L/index.html]
[www.cs.umb.edu/academics/courses/it456/index.html]
[www.cs.umb.edu/academics/courses/it460/index-2.html]
[www.cs.umb.edu/academics/courses/it461L/index.html]
[www.cs.umb.edu/academics/courses/it220/index.html]
[www.cs.umb.edu/academics/courses/it221/index.html]
[www.cs.umb.edu/academics/courses/it420/index.html]
[www.cs.umb.edu/academics/courses/it425L/index.html]
[www.cs.umb.edu/academics/courses/it485/index.html]
[www.cs.umb.edu/academics/courses/it421/index.html]
[www.cs.umb.edu/sp/academics/cs_minor/index.html]
[www.cs.umb.edu/sp/academics/graduate_programs/index.html]
[www.cs.umb.edu/academics/courses/CS699/index.html]
[www.cs.umb.edu/academics/courses/CS681/index.html]
[www.cs.umb.edu/academics/courses/CS682/index.html]
[www.cs.umb.edu/academics/courses/CS720/index.html]
[www.cs.umb.edu/academics/courses/CS724/index.html]
[www.cs.umb.edu/academics/courses/CS612/index.html]
[www.cs.umb.edu/sp/academics/graduate_programs/cs_ms/index.html]
[www.cs.umb.edu/sp/academics/graduate_programs/cs_phd/index.html]
[www.cs.umb.edu/sp/academics/honors_program/index.html]
[www.cs.umb.edu/sp/academics/certificate_programs/index.html]
[www.cs.umb.edu/academics/courses/CS752/index.html]
[www.umb.edu/editor_uploads/images/registrar/UndergradCertificateProgramApplication_Sp18_v2.pdf]
[www.cs.umb.edu/sp/academics/certificate_programs/undergraduate/index.html]
[www.cs.umb.edu/sp/academics/certificate_programs/graduate/index.html]
[www.cs.umb.edu/academics/courses/index.html]
[www.cs.umb.edu/academics/courses/CS108/index.html]
[www.cs.umb.edu/academics/courses/undergraduate/index.html]
[www.cs.umb.edu/academics/courses/CS119/index.html]
[www.cs.umb.edu/academics/courses/CS187SL/index.html]
[www.cs.umb.edu/academics/courses/graduate/index.html]
[www.cs.umb.edu/academics/courses/CS188SL/index.html]
[www.cs.umb.edu/academics/courses/CS109/index.html]
[www.cs.umb.edu/academics/courses/CS478/index.html]
[www.cs.umb.edu/academics/courses/CS271L/index.html]
[www.cs.umb.edu/static/utils.js]
[www.cs.umb.edu/academics/courses/CS498/index.html]
[www.cs.umb.edu/academics/courses/CS480/index.html]
[www.cs.umb.edu/academics/courses/CS495/index.html]
[www.cs.umb.edu/academics/courses/CS696/index.html]
[www.cs.umb.edu/academics/courses/CS899/index.html]
[www.cs.umb.edu/academics/courses/IT116/index.html]
[www.cs.umb.edu/academics/courses/CS698/index.html]
[www.cs.umb.edu/academics/courses/CS697/index.html]
[www.cs.umb.edu/academics/courses/IT187SL/index.html]
[www.cs.umb.edu/academics/courses/IT220/index-2.html]
[www.cs.umb.edu/academics/courses/IT210L/index.html]
[www.cs.umb.edu/academics/courses/IT117/index.html]
[www.cs.umb.edu/academics/courses/IT420/index-2.html]
[www.cs.umb.edu/academics/courses/IT221/index-2.html]
[www.cs.umb.edu/academics/courses/IT240/index.html]
[www.cs.umb.edu/academics/courses/IT370/index-2.html]
[www.cs.umb.edu/academics/courses/IT441/index.html]
[www.cs.umb.edu/academics/courses/IT425L/index-2.html]
[www.cs.umb.edu/academics/courses/IT421/index-2.html]
[www.cs.umb.edu/academics/courses/IT428L/index-2.html]
[www.cs.umb.edu/academics/courses/IT461L/index-2.html]
[www.cs.umb.edu/academics/courses/IT471/index-2.html]
[www.cs.umb.edu/academics/courses/IT456/index-2.html]
[www.cs.umb.edu/academics/courses/IT472/index-2.html]
[www.cs.umb.edu/academics/courses/IT485/index-2.html]
[www.cs.umb.edu/academics/courses/IT480/index.html]
[www.cs.umb.edu/people/Xiaoqian_Zhang/index.html]
[www.cs.umb.edu/people/Swami_Iyer/index.html]
[www.cs.umb.edu/people/Joshua_Yee/index.html]
[www.cs.umb.edu/people/Amanda_Potasznik/index.html]
[www.cs.umb.edu/people/Fatemeh_Afrasiabi/index.html]
[www.cs.umb.edu/people/Funda_Durupinar/index.html]
[www.cs.umb.edu/people/Haoyu_Wang/index.html]
[www.cs.umb.edu/people/Xiaohui_Liang/index.html]
[www.cs.umb.edu/people/Duc_Tran/index.html]
[www.cs.umb.edu/people/Mohinish_Shukla/index.html]
[www.cs.umb.edu/people/Nurit_Haspel/index.html]
[www.cs.umb.edu/people/Ron_Cheung/index.html]
[www.cs.umb.edu/people/Kenneth_Fletcher/index.html]
[www.cs.umb.edu/people/Bo_Sheng/index.html]
[www.cs.umb.edu/people/Gabriel_Ghinita/index.html]
[www.cs.umb.edu/people/Carl_Offner/index.html]
[www.cs.umb.edu/people/Daniel_Haehn/index.html]
[www.cs.umb.edu/people/Jun_Suzuki/index.html]
[www.cs.umb.edu/people/Wei_Ding/index.html]
[www.cs.umb.edu/people/Ping_Chen/index.html]
[www.cs.umb.edu/people/Honggang_Zhang/index.html]
[www.cs.umb.edu/people/Jonathan_Frankel/index.html]
[www.cs.umb.edu/people/Nana_Lin/index.html]
[www.cs.umb.edu/people/George_Kelley/index.html]
[www.cs.umb.edu/people/Paul_Cleary/index.html]
[www.cs.umb.edu/people/Christopher_Kelly/index.html]
[www.cs.umb.edu/people/Jong_Kim/index.html]
[www.cs.umb.edu/people/Josephine_Namayanja/index.html]
[www.cs.umb.edu/people/Mark_Stone/index.html]
[www.cs.umb.edu/people/Nelson_Velez/index.html]
[www.cs.umb.edu/people/Temitayo_Banjo/index.html]
[www.cs.umb.edu/people/Torna_Soro/index.html]
[www.cs.umb.edu/people/RamaKrishna_Ayyagari/index.html]
[www.cs.umb.edu/people/Roger_Blake/index.html]
[www.cs.umb.edu/people/Jean-Pierre_Kuilboer/index.html]
[www.cs.umb.edu/people/One_Lee/index.html]
[www.cs.umb.edu/people/Simon_Tran/index.html]
[www.cs.umb.edu/academics/course_schedule/index.html]
[www.cs.umb.edu/sp/people/index.html]
[www.cs.umb.edu/media/img/personnel/No_Photo_Available.jpg]
[www.cs.umb.edu/people/Shan_Jiang/index.html]
[www.cs.umb.edu/media/img/personnel/Alfred_Bird.jpg]
[www.cs.umb.edu/media/img/personnel/Ethan_Bolker.jpg]
[www.cs.umb.edu/people/Alfred_Bird/index.html]
[www.cs.umb.edu/media/img/personnel/Bill_Campbell.jpg]
[www.cs.umb.edu/people/Ethan_Bolker/index.html]
[www.cs.umb.edu/media/img/personnel/Ron_Cheung.jpg]
[www.cs.umb.edu/media/img/personnel/Tiago_Cogumbreiro.jpg]
[www.cs.umb.edu/people/Bill_Campbell/index.html]
[www.cs.umb.edu/media/img/personnel/Wei_Ding.jpg]
[www.cs.umb.edu/media/img/personnel/Funda_Durupinar.jpg]
[www.cs.umb.edu/media/img/personnel/Peter_Fejer.jpg]
[www.cs.umb.edu/media/img/personnel/Kenneth_K_Fletcher.jpg]
[www.cs.umb.edu/media/img/personnel/Gabriel_Ghinita.jpg]
[www.cs.umb.edu/media/img/personnel/Colin_Godgrey.jpg]
[www.cs.umb.edu/media/img/personnel/Daniel_Haehn.jpg]
[www.cs.umb.edu/people/Colin_Godfrey/index.html]
[www.cs.umb.edu/media/img/personnel/Nurit_Haspel.jpg]
[www.cs.umb.edu/media/img/personnel/Glenn_Hoffman.jpg]
[www.cs.umb.edu/media/img/personnel/swami.jpg]
[www.cs.umb.edu/media/img/personnel/Xiaohui_Liang.jpg]
[www.cs.umb.edu/media/img/personnel/Joan_Lukas.jpg]
[www.cs.umb.edu/people/George_Lukas/index.html]
[www.cs.umb.edu/people/Joan_Lukas/index.html]
[www.cs.umb.edu/people/Robert_Morris/index.html]
[www.cs.umb.edu/media/img/personnel/Robert_Morris.jpg]
[www.cs.umb.edu/media/img/personnel/Elizabeth_ONeil.jpg]
[www.cs.umb.edu/media/img/personnel/Patrick_ONeil.jpg]
[www.cs.umb.edu/people/Kenneth_Newman/index.html]
[www.cs.umb.edu/media/img/personnel/Carl_Offner.jpg]
[www.cs.umb.edu/people/Patrick_O'Neil/index.html]
[www.cs.umb.edu/media/img/personnel/Ming_Ouyang.jpg]
[www.cs.umb.edu/media/img/personnel/Marc_Pomplun.jpg]
[www.cs.umb.edu/media/img/personnel/Amanda_Potasznik.png]
[www.cs.umb.edu/media/img/personnel/Matthew_Schneps.jpg]
[www.cs.umb.edu/media/img/personnel/Bo_Sheng.jpg]
[www.cs.umb.edu/people/Matthew_Schneps/index.html]
[www.cs.umb.edu/media/img/personnel/Dan_Simovici.jpg]
[www.cs.umb.edu/media/img/personnel/Torna_Omar_Soro.jpg]
[www.cs.umb.edu/media/img/personnel/Jun_Suzuki.jpg]
[www.cs.umb.edu/media/img/personnel/Richard_Tenney.jpg]
[www.cs.umb.edu/media/img/personnel/Duc_Tran.jpg]
[www.cs.umb.edu/people/Richard_Tenney/index.html]
[www.cs.umb.edu/media/img/personnel/Robert_Wilson.jpg]
[www.cs.umb.edu/people/faculty/index.html]
[www.cs.umb.edu/people/faculty/active/index.html]
[www.cs.umb.edu/people/faculty/retired/index.html]
[www.cs.umb.edu/people/Zaihan_Yang/index.html]
[www.cs.umb.edu/people/Robert_Wilson/index.html]
[www.cs.umb.edu/media/img/personnel/William_Perry.jpg]
[www.cs.umb.edu/people/staff/index.html]
[www.cs.umb.edu/people/Elif_Gurel/index.html]
[www.cs.umb.edu/people/Leonard_David/index.html]
[www.cs.umb.edu/people/John_Lewis/index.html]
[www.cs.umb.edu/people/Rick_Martin/index.html]
[www.cs.umb.edu/people/Antonio_Pera/index.html]
[www.cs.umb.edu/people/William_Perry/index.html]
[www.cs.umb.edu/people/staff/retired/index.html]
[www.cs.umb.edu/people/memoriam/index.html]
[www.cs.umb.edu/sp/research/index.html]
[www.cs.umb.edu/research/groups/index.html]
[www.cs.umb.edu/research/funding/index.html]
[www.cs.umb.edu/sp/news_and_events/index.html]
[www.cs.umb.edu/news_and_events/events_calendar/index.html]
[www.cs.umb.edu/people/Craig_Yu/index.html]
[www.cs.umb.edu/news_and_events/events_calendar/283/index.html]
[www.cs.umb.edu/news_and_events/colloquia/index.html]
[www.cs.umb.edu/_hdeblois/index.html]
[www.cs.umb.edu/news_and_events/events_calendar/282/index.html]
[www.cs.umb.edu/news_and_events/colloquia/283/index.html]
[www.cs.umb.edu/news_and_events/colloquia/284/index.html]
[www.cs.umb.edu/news_and_events/announcements/index.html]
[www.cs.umb.edu/news_and_events/jobs_and_internships/index.html]
[www.cs.umb.edu/sp/news_and_events/faculty_search/index.html]
[www.cs.umb.edu/sp/news_and_events/staff_search/index.html]
[www.cs.umb.edu/media/documents/2017.03.20_CSIT_Ugrad_Advising_Holds_-_Resources_Page.pdf]
[www.cs.umb.edu/media/documents/CS-BA-Advising.pdf]
[www.cs.umb.edu/media/documents/CS-BS-Advising.pdf]
[www.cs.umb.edu/media/documents/IT-BS_advising.pdf]
[www.cs.umb.edu/media/documents/immunization-holds.pdf]
[www.cs.umb.edu/media/documents/2017.03.20_CS_Grad_Advising_Holds_-_Resources_Page.pdf]
[www.cs.umb.edu/media/documents/CS_Graduate_Advising_Form_-_PHD.pdf]
[www.cs.umb.edu/media/documents/CS_Graduate_Advising_Form_-_MS_DBTC.pdf]
[www.cs.umb.edu/media/documents/2019.04.29_CS_Honors_Thesis_Application_in_use.pdf]
[www.cs.umb.edu/media/documents/dissertation_event.docx]
[www.cs.umb.edu/media/documents/seminar_event.docx]
[www.cs.umb.edu/media/documents/CS_dept_IT_Policies.pdf]
[www.cs.umb.edu/sp/resources/index.html]
[www.cs.umb.edu/news_and_events/events_calendar/284/index.html]
[www.cs.umb.edu/news_and_events/announcements/385/index.html]
[www.cs.umb.edu/news_and_events/announcements/372/index.html]
[www.cs.umb.edu/people/Peter_Fejer/index.html]
[www.cs.umb.edu/people/Ming_Ouyang/index.html]
[www.cs.umb.edu/people/Glenn_Hoffman/index.html]
[www.cs.umb.edu/people/Dan_Simovici/index.html]
[www.cs.umb.edu/people/Tiago_Cogumbreiro/index.html]
[www.cs.umb.edu/people/Elizabeth_O'Neil/index.html]
[www.cs.umb.edu/static/images/demo/gallery/1.png]
[www.cs.umb.edu/people/Debbie_Wade/index.html]
[www.cs.umb.edu/people/Gemma_Galecia/index.html]
[www.cs.umb.edu/people/Cristian_Peguero/index.html]
[www.cs.umb.edu/sp/about/visitor_information/index.html]
[www.cs.umb.edu/people/Marc_Pomplun/index.html]
[www.cs.umb.edu/sp/about/facilities/policies/index.html]
[www.cs.umb.edu/academics/courses/CS105/index.html]
[www.cs.umb.edu/academics/courses/cs110/index.html]
[www.cs.umb.edu/academics/courses/cs210L/index.html]
[www.cs.umb.edu/academics/courses/cs220/index.html]
[www.cs.umb.edu/academics/courses/cs240/index.html]
[www.cs.umb.edu/academics/courses/cs310/index.html]
[www.cs.umb.edu/academics/courses/cs341/index.html]
[www.cs.umb.edu/academics/courses/cs420/index.html]
[www.cs.umb.edu/academics/courses/cs450/index.html]
[www.cs.umb.edu/academics/courses/cs444/index.html]
[www.cs.umb.edu/academics/courses/cs451/index.html]
[www.cs.umb.edu/academics/courses/cs410/index.html]
[www.cs.umb.edu/academics/courses/cs411/index.html]
[www.cs.umb.edu/academics/courses/cs430/index.html]
[www.cs.umb.edu/academics/courses/cs433/index.html]
[www.cs.umb.edu/academics/courses/cs436/index.html]
[www.cs.umb.edu/academics/courses/cs437/index.html]
[www.cs.umb.edu/academics/courses/cs438/index.html]
[www.cs.umb.edu/academics/courses/cs442/index.html]
[www.cs.umb.edu/academics/courses/cs443/index.html]
[www.cs.umb.edu/academics/courses/cs445/index.html]
[www.cs.umb.edu/academics/courses/cs446/index.html]
[www.cs.umb.edu/academics/courses/cs449/index.html]
[www.cs.umb.edu/academics/courses/cs460/index.html]
[www.cs.umb.edu/academics/courses/cs461/index.html]
[www.cs.umb.edu/academics/courses/cs470/index.html]
[www.cs.umb.edu/academics/courses/cs615/index.html]
[www.cs.umb.edu/academics/courses/cs630/index.html]
[www.cs.umb.edu/academics/courses/cs634/index.html]
[www.cs.umb.edu/academics/courses/cs636/index.html]
[www.cs.umb.edu/academics/courses/cs637/index.html]
[www.cs.umb.edu/academics/courses/cs638/index.html]
[www.cs.umb.edu/academics/courses/cs642/index.html]
[www.cs.umb.edu/academics/courses/cs644/index.html]
[www.cs.umb.edu/academics/courses/cs646/index.html]
[www.cs.umb.edu/academics/courses/cs648/index.html]
[www.cs.umb.edu/academics/courses/cs651/index.html]
[www.cs.umb.edu/academics/courses/cs670/index.html]
[www.cs.umb.edu/academics/courses/cs671/index.html]
[www.cs.umb.edu/academics/courses/cs675/index.html]
[www.cs.umb.edu/academics/courses/cs680/index.html]
[www.cs.umb.edu/academics/courses/cs620/index.html]
[www.cs.umb.edu/academics/courses/cs622/index.html]
[www.cs.umb.edu/academics/courses/cs624/index.html]
[www.cs.umb.edu/academics/courses/CS110/index-2.html]
[www.cs.umb.edu/academics/courses/CS210L/index-2.html]
[www.cs.umb.edu/academics/courses/CS220/index-2.html]
[www.cs.umb.edu/academics/courses/CS240/index-2.html]
[www.cs.umb.edu/academics/courses/CS310/index-2.html]
[www.cs.umb.edu/academics/courses/CS341/index-2.html]
[www.cs.umb.edu/academics/courses/CS410/index-2.html]
[www.cs.umb.edu/academics/courses/CS420/index-2.html]
[www.cs.umb.edu/academics/courses/CS444/index-2.html]
[www.cs.umb.edu/academics/courses/CS450/index-2.html]
[www.cs.umb.edu/academics/courses/CS451/index-2.html]
[www.cs.umb.edu/academics/courses/CS651/index-2.html]
[www.cs.umb.edu/academics/courses/CS641/index.html]
[www.cs.umb.edu/academics/courses/CS285L/index.html]
[www.cs.umb.edu/academics/courses/CS411/index-2.html]
[www.cs.umb.edu/academics/courses/CS430/index-2.html]
[www.cs.umb.edu/academics/courses/CS433/index-2.html]
[www.cs.umb.edu/academics/courses/CS436/index-2.html]
[www.cs.umb.edu/academics/courses/CS437/index-2.html]
[www.cs.umb.edu/academics/courses/CS438/index-2.html]
[www.cs.umb.edu/academics/courses/CS442/index-2.html]
[www.cs.umb.edu/academics/courses/CS443/index-2.html]
[www.cs.umb.edu/academics/courses/CS446/index-2.html]
[www.cs.umb.edu/academics/courses/CS449/index-2.html]
[www.cs.umb.edu/academics/courses/CS460/index-2.html]
[www.cs.umb.edu/academics/courses/CS461/index-2.html]
[www.cs.umb.edu/academics/courses/CS470/index-2.html]
[www.cs.umb.edu/academics/courses/CS615/index-2.html]
[www.cs.umb.edu/academics/courses/CS620/index-2.html]
[www.cs.umb.edu/academics/courses/CS622/index-2.html]
[www.cs.umb.edu/academics/courses/CS624/index-2.html]
[www.cs.umb.edu/academics/courses/CS630/index-2.html]
[www.cs.umb.edu/academics/courses/CS634/index-2.html]
[www.cs.umb.edu/academics/courses/CS636/index-2.html]
[www.cs.umb.edu/academics/courses/CS637/index-2.html]
[www.cs.umb.edu/academics/courses/CS638/index-2.html]
[www.cs.umb.edu/academics/courses/CS642/index-2.html]
[www.cs.umb.edu/academics/courses/CS644/index-2.html]
[www.cs.umb.edu/academics/courses/CS646/index-2.html]
[www.cs.umb.edu/academics/courses/CS648/index-2.html]
[www.cs.umb.edu/academics/courses/CS670/index-2.html]
[www.cs.umb.edu/academics/courses/CS671/index-2.html]
[www.cs.umb.edu/academics/courses/CS675/index-2.html]
[www.cs.umb.edu/academics/courses/CS680/index-2.html]
[www.cs.umb.edu/academics/courses/IT110/index.html]
[www.cs.umb.edu/academics/courses/IT111L/index.html]
[www.cs.umb.edu/academics/courses/IT114L/index.html]
[www.cs.umb.edu/academics/courses/IT115L/index.html]
[www.cs.umb.edu/_adusen/cs115/index.html]
[www.cs.umb.edu/academics/courses/IT230L/index.html]
[www.cs.umb.edu/academics/courses/IT240L/index.html]
[www.cs.umb.edu/_bobw/CS240/index.html]
[www.cs.umb.edu/academics/courses/IT244/index.html]
[www.cs.umb.edu/academics/courses/IT246/index.html]
[www.cs.umb.edu/academics/courses/IT285L/index.html]
[www.cs.umb.edu/academics/courses/IT341/index.html]
[www.cs.umb.edu/academics/courses/IT442/index.html]
[www.cs.umb.edu/academics/courses/IT443/index.html]
[www.cs.umb.edu/academics/courses/IT444/index.html]
[www.cs.umb.edu/academics/courses/IT360/index.html]
[www.cs.umb.edu/academics/courses/IT428/index.html]
[www.cs.umb.edu/academics/courses/IT460/index.html]
[www.cs.umb.edu/academics/courses/IT461/index.html]
[www.cs.umb.edu/academics/courses/it370/index.html]
[www.cs.umb.edu/academics/courses/it471/index.html]
[www.cs.umb.edu/academics/courses/it472/index.html]
[www.cs.umb.edu/academics/courses/it360/index-2.html]
[www.cs.umb.edu/academics/courses/it428L/index.html]
[www.cs.umb.edu/academics/courses/it456/index.html]
[www.cs.umb.edu/academics/courses/it460/index-2.html]
[www.cs.umb.edu/academics/courses/it461L/index.html]
[www.cs.umb.edu/academics/courses/it220/index.html]
[www.cs.umb.edu/academics/courses/it221/index.html]
[www.cs.umb.edu/academics/courses/it420/index.html]
[www.cs.umb.edu/academics/courses/it421/index.html]
[www.cs.umb.edu/academics/courses/it425L/index.html]
[www.cs.umb.edu/academics/courses/it485/index.html]
[www.cs.umb.edu/academics/courses/CS115L/index.html]
[www.cs.umb.edu/academics/courses/CS210/index.html]
[www.cs.umb.edu/academics/courses/CS699/index.html]
[www.cs.umb.edu/academics/courses/CS485/index.html]
[www.cs.umb.edu/academics/courses/CS681/index.html]
[www.cs.umb.edu/academics/courses/CS682/index.html]
[www.cs.umb.edu/academics/courses/CS720/index.html]
[www.cs.umb.edu/academics/courses/CS724/index.html]
[www.cs.umb.edu/academics/courses/CS612/index.html]
[www.cs.umb.edu/academics/courses/CS752/index.html]
[www.cs.umb.edu/_gghinita/index.html]
[www.cs.umb.edu/academics/courses/CS108/index.html]
[www.cs.umb.edu/academics/courses/CS109/index.html]
[www.cs.umb.edu/academics/courses/CS119/index.html]
[www.cs.umb.edu/academics/courses/CS187SL/index.html]
[www.cs.umb.edu/academics/courses/CS188SL/index.html]
[www.cs.umb.edu/academics/courses/CS271L/index.html]
[www.cs.umb.edu/academics/courses/CS478/index.html]
[www.cs.umb.edu/academics/courses/CS480/index.html]
[www.cs.umb.edu/academics/courses/CS495/index.html]
[www.cs.umb.edu/media/documents/Computer_Science_Honors_Thesis_Application_in_use.pdf]
[www.cs.umb.edu/academics/courses/CS498/index.html]
[www.cs.umb.edu/academics/courses/CS696/index.html]
[www.cs.umb.edu/academics/courses/CS697/index.html]
[www.cs.umb.edu/academics/courses/CS698/index.html]
[www.cs.umb.edu/media/documents/MSPhD_Proposal-Defense_Procedure.pdf]
[www.cs.umb.edu/academics/courses/CS899/index.html]
[www.cs.umb.edu/academics/courses/IT116/index.html]
[www.cs.umb.edu/academics/courses/IT117/index.html]
[www.cs.umb.edu/academics/courses/IT187SL/index.html]
[www.cs.umb.edu/academics/courses/IT210L/index.html]
[www.cs.umb.edu/academics/courses/IT220/index-2.html]
[www.cs.umb.edu/academics/courses/IT221/index-2.html]
[www.cs.umb.edu/academics/courses/IT240/index.html]
[www.cs.umb.edu/academics/courses/IT370/index-2.html]
[www.cs.umb.edu/academics/courses/IT420/index-2.html]
[www.cs.umb.edu/academics/courses/IT421/index-2.html]
[www.cs.umb.edu/academics/courses/IT425L/index-2.html]
[www.cs.umb.edu/academics/courses/IT428L/index-2.html]
[www.cs.umb.edu/academics/courses/IT441/index.html]
[www.cs.umb.edu/academics/courses/IT456/index-2.html]
[www.cs.umb.edu/academics/courses/IT461L/index-2.html]
[www.cs.umb.edu/academics/courses/IT471/index-2.html]
[www.cs.umb.edu/academics/courses/IT472/index-2.html]
[www.cs.umb.edu/academics/courses/IT480/index.html]
[www.cs.umb.edu/academics/courses/IT485/index-2.html]
[www.cs.umb.edu/people/Xiaoqian_Zhang/index.html]
[www.cs.umb.edu/people/Swami_Iyer/index.html]
[www.cs.umb.edu/people/Joshua_Yee/index.html]
[www.cs.umb.edu/people/Amanda_Potasznik/index.html]
[www.cs.umb.edu/people/Funda_Durupinar/index.html]
[www.cs.umb.edu/people/Fatemeh_Afrasiabi/index.html]
[www.cs.umb.edu/people/Duc_Tran/index.html]
[www.cs.umb.edu/people/Xiaohui_Liang/index.html]
[www.cs.umb.edu/people/Haoyu_Wang/index.html]
[www.cs.umb.edu/people/Mohinish_Shukla/index.html]
[www.cs.umb.edu/_fatemeh/index.html]
[www.cs.umb.edu/people/Nurit_Haspel/index.html]
[www.cs.umb.edu/people/Ron_Cheung/index.html]
[www.cs.umb.edu/people/Kenneth_Fletcher/index.html]
[www.cs.umb.edu/people/Bo_Sheng/index.html]
[www.cs.umb.edu/people/Gabriel_Ghinita/index.html]
[www.cs.umb.edu/people/Carl_Offner/index.html]
[www.cs.umb.edu/people/Daniel_Haehn/index.html]
[www.cs.umb.edu/people/Jun_Suzuki/index.html]
[www.cs.umb.edu/people/Wei_Ding/index.html]
[www.cs.umb.edu/media/img/personnel/ping_chen.jpg]
[www.cs.umb.edu/people/Ping_Chen/index.html]
[www.cs.umb.edu/people/Honggang_Zhang/index.html]
[www.cs.umb.edu/people/Jonathan_Frankel/index.html]
[www.cs.umb.edu/people/Nana_Lin/index.html]
[www.cs.umb.edu/people/George_Kelley/index.html]
[www.cs.umb.edu/people/Paul_Cleary/index.html]
[www.cs.umb.edu/people/Christopher_Kelly/index.html]
[www.cs.umb.edu/people/Jong_Kim/index.html]
[www.cs.umb.edu/people/Josephine_Namayanja/index.html]
[www.cs.umb.edu/people/Mark_Stone/index.html]
[www.cs.umb.edu/people/Nelson_Velez/index.html]
[www.cs.umb.edu/people/Temitayo_Banjo/index.html]
[www.cs.umb.edu/people/Torna_Soro/index.html]
[www.cs.umb.edu/people/RamaKrishna_Ayyagari/index.html]
[www.cs.umb.edu/people/Roger_Blake/index.html]
[www.cs.umb.edu/people/Jean-Pierre_Kuilboer/index.html]
[www.cs.umb.edu/people/One_Lee/index.html]
[www.cs.umb.edu/people/Simon_Tran/index.html]
[www.cs.umb.edu/people/Shan_Jiang/index.html]
[www.cs.umb.edu/people/Alfred_Bird/index.html]
[www.cs.umb.edu/_tsoro/index.html]
[www.cs.umb.edu/people/Ethan_Bolker/index.html]
[www.cs.umb.edu/people/Bill_Campbell/index.html]
[www.cs.umb.edu/people/Colin_Godfrey/index.html]
[www.cs.umb.edu/people/George_Lukas/index.html]
[www.cs.umb.edu/people/Joan_Lukas/index.html]
[www.cs.umb.edu/people/Robert_Morris/index.html]
[www.cs.umb.edu/people/Kenneth_Newman/index.html]
[www.cs.umb.edu/people/Patrick_O'Neil/index.html]
[www.cs.umb.edu/people/Matthew_Schneps/index.html]
[www.cs.umb.edu/people/Richard_Tenney/index.html]
[www.cs.umb.edu/people/Robert_Wilson/index.html]
[www.cs.umb.edu/people/Zaihan_Yang/index.html]
[www.cs.umb.edu/people/Leonard_David/index.html]
[www.cs.umb.edu/people/Elif_Gurel/index.html]
[www.cs.umb.edu/people/John_Lewis/index.html]
[www.cs.umb.edu/people/Rick_Martin/index.html]
[www.cs.umb.edu/people/Antonio_Pera/index.html]
[www.cs.umb.edu/people/William_Perry/index.html]
[www.cs.umb.edu/media/img/personnel/Lap-Fai_Yu.jpg]
[www.cs.umb.edu/people/Craig_Yu/index.html]
[www.cs.umb.edu/news_and_events/events_calendar/283/index.html]
[www.cs.umb.edu/news_and_events/events_calendar/282/index.html]
[www.cs.umb.edu/_hdeblois/index.html]
[www.cs.umb.edu/_hdeblois/696/696paperSubmitted.pdf]
[www.cs.umb.edu/news_and_events/colloquia/284/index.html]
[www.cs.umb.edu/news_and_events/colloquia/283/index.html]
[www.cs.umb.edu/staffdocs/facdocsindex.html]
[www.cs.umb.edu/women_in_science/index.html]
[www.cs.umb.edu/_ming/index.html]
[www.cs.umb.edu/_cristian/index.html]
[www.cs.umb.edu/www/index.html]
[www.cs.umb.edu/www/sp/about/index.html]
[www.cs.umb.edu/www/sp/about/facilities/index.html]
[www.cs.umb.edu/www/sp/resources/other/faqs/index.html]
[www.cs.umb.edu/academics/courses/CS320L/index.html]
[www.cs.umb.edu/cs450/index.html]
[www.cs.umb.edu/_gghinita/cs634/index.html]
[www.cs.umb.edu/academics/courses/CS641/index.html]
[www.cs.umb.edu/academics/courses/IT425/index.html]
[cdnjs.cloudflare.com/ajax/libs/skeleton/2.0.4/skeleton.min.css]
[www.cs.umb.edu/_fatemeh/style.css]
[www.cs.umb.edu/_fatemeh/CS310_files/cover.png]
[www.cs.umb.edu/_fatemeh/CS310_files/Clrs3.jpg]
[www.cs.princeton.edu/_wayne/kleinberg-tardos/pdf/01StableMatching.pdf]
[algs4.cs.princeton.edu/lectures/41UndirectedGraphs.pdf]
[www.cs.princeton.edu/_wayne/kleinberg-tardos/pdf/03Graphs.pdf]
[algs4.cs.princeton.edu/lectures/42DirectedGraphs.pdf]
[algs4.cs.princeton.edu/lectures/43MinimumSpanningTrees.pdf]
[www.cs.princeton.edu/_wayne/kleinberg-tardos/pdf/04GreedyAlgorithmsI.pdf]
[www.cs.princeton.edu/_wayne/kleinberg-tardos/pdf/04GreedyAlgorithmsII.pdf]
[www.cs.princeton.edu/_wayne/kleinberg-tardos/pdf/06DynamicProgrammingI.pdf]
[www.cs.umb.edu/_fatemeh/index.html]
[www.cs.umb.edu/_haoyu/index.html]
[www.cs.umb.edu/_offner/index.html]
[www.cs.umb.edu/_pchen/index.html]
[www.cs.umb.edu/_tsoro/main_home.css]
[www.cs.umb.edu/_tsoro/teaching/teach.html]
[www.cs.umb.edu/_tsoro/resume.html]
[www.cs.umb.edu/_tsoro/index.html]
[www.cs.umb.edu/people/staff/administrative/index.html]
[www.cs.umb.edu/people/staff/technical_support/index.html]
[www.cs.umb.edu/_craigyu/index.html]
[www.cs.umb.edu/_hdeblois/696/archUpdate.xhtml]
[www.cs.umb.edu/_tsoro/teaching/IT244_html/class_notes.css]
[www.cs.umb.edu/_tsoro/teaching/advising.html]
[www.cs.umb.edu/_tsoro/teaching/linux/linux_help.html]
[www.cs.umb.edu/_tsoro/teaching/IT341/class_page_it341_04_Fall2019.html]
[www.cs.umb.edu/_tsoro/teaching/IT442/class_page_it442_1_Fall2019.html]
[www.cs.umb.edu/_tsoro/teaching/IT442/class_page_it442_2_Fall2019.html]
[www.cs.umb.edu/_tsoro/teaching/IT442/class_page_it442_1.html]
[www.cs.umb.edu/_tsoro/teaching/IT442/class_page_it442_2.html]
[www.cs.umb.edu/_tsoro/teaching/IT244_html/class_page_it244.html]
[www.cs.umb.edu/_tsoro/teaching/teach.html]
[www.w3.org/Icons/valid-xhtml10.png]
[www.cs.umb.edu/_tsoro/resume.html]
[purl.org/dc/elements/1.1/index.html]
[purl.org/dc/terms/index.html]
[purl.org/dc/dcmitype/index.html]
[www.cs.umb.edu_443/umbcs/documents/2016.10.21_CSIT_Ugrad_Advising_Holds_-_Resources_Page.pdf]
[www.cs.umb.edu/_tsoro/teaching/advising.html]
[www.cs.umb.edu/_tsoro/teaching/linux/common_unix_commands.html]
[www.cs.umb.edu/_tsoro/teaching/linux/nano_text_editor.html]
[www.cs.umb.edu/_tsoro/teaching/linux/unix_essentials.html]
[www.cs.umb.edu/_tsoro/teaching/linux/remote_access_windows.html]
[www.cs.umb.edu/_tsoro/teaching/linux/remote_access_mac.html]
[www.cs.umb.edu/_tsoro/teaching/linux/unix_cs_students.html]
[www.cs.umb.edu/_tsoro/teaching/linux/apply_process.html]
[www.cs.umb.edu/_tsoro/teaching/linux/linux_help.html]
[www.cs.umb.edu/_tsoro/teaching/IT341/Syllabus/Syllabus_IT_341.pdf]
[www.cs.umb.edu/_tsoro/teaching/IT341/class_page_it341_04_Fall2019.html]
[www.cs.umb.edu/_tsoro/teaching/IT442/Syllabus/syllabus_it442_1_Fall2019.html]
[www.cs.umb.edu/_tsoro/teaching/IT442/Syllabus/Syllabus_it442_1_Fall2019.pdf]
[www.cs.umb.edu/_tsoro/teaching/IT442/class_page_it442_1_Fall2019.html]
[www.cs.umb.edu/_tsoro/teaching/IT442/Syllabus/syllabus_it442_2_Fall2019.html]
[www.cs.umb.edu/_tsoro/teaching/IT442/Syllabus/Syllabus_it442_2_Fall2019.pdf]
[www.cs.umb.edu/_tsoro/teaching/IT442/class_page_it442_2_Fall2019.html]
[www.cs.umb.edu/_tsoro/teaching/IT442/Syllabus/syllabus_it442_1.html]
[www.cs.umb.edu/_tsoro/teaching/IT442/class_Schedule_it442 _1.html]
[www.cs.umb.edu/_tsoro/teaching/IT442/class_page_it442_1.html]
[www.cs.umb.edu/_tsoro/teaching/IT442/Syllabus/syllabus_it442_2.html]
[www.cs.umb.edu/_tsoro/teaching/IT442/class_Schedule_it442 _2.html]
[www.cs.umb.edu/_tsoro/teaching/IT442/class_page_it442_2.html]
[www.cs.umb.edu/_tsoro/teaching/IT244_html/syllabus_it244.html]
[www.cs.umb.edu/_tsoro/teaching/IT244_html/class_notes_it244/class_notes_it244.html]
[www.cs.umb.edu/_tsoro/teaching/IT244_html/class_notes_it244/class_notes_index_it244.html]
[www.cs.umb.edu/_tsoro/teaching/IT244_html/exercises_it244/exercises_it244.html]
[www.cs.umb.edu/_tsoro/teaching/IT244_html/readings_it244.html]
[www.cs.umb.edu/_tsoro/teaching/IT244_html/hw_it244/homework_it244.html]
[www.cs.umb.edu/_tsoro/teaching/IT244_html/class_quizzes_it244/class_quizzes_it244.html]
[www.cs.umb.edu/_tsoro/teaching/IT244_html/class_quiz_answers_it244/class_quiz_answers_it244.html]
[www.cs.umb.edu/_tsoro/teaching/IT244_html/weekly_quiz_answers_it244/weekly_quiz_answers_it244.html]
[www.cs.umb.edu/_tsoro/teaching/IT244_html/definitions.html]
[www.cs.umb.edu/_tsoro/teaching/IT244_html/resources_it244.html]
[www.cs.umb.edu/_tsoro/teaching/linux/fixing_problems_with_accounts.html]
[www.cs.umb.edu/_tsoro/teaching/IT244_html/permissions_practice_it244.html]
[www.cs.umb.edu/_tsoro/teaching/IT244_html/shell_scripts_homework.html]
[www.cs.umb.edu/_tsoro/teaching/IT244_html/class_page_it244.html]
[purl.org/dc/dcam/index.html]
[www.cs.umb.edu/_tsoro/teaching/faq.html]
[www.cs.umb.edu/_tsoro/teaching/it_course_list.html]
[www.cs.umb.edu/_tsoro/teaching/general_education_distribution.html]
[www.cs.umb.edu/_tsoro/teaching/linux/common_unix_commands.html]
[www.cs.umb.edu/_tsoro/teaching/linux/nano_text_editor.html]
[www.cs.umb.edu/_tsoro/teaching/linux/unix_essentials.html]
[www.cs.umb.edu/_tsoro/teaching/linux/remote_access_windows.html]
[www.cs.umb.edu/_tsoro/teaching/linux/remote_access_mac.html]
[www.cs.umb.edu/_tsoro/teaching/linux/unix_cs_students.html]
[www.cs.umb.edu/_tsoro/teaching/images/apply_picture.png]
[www.cs.umb.edu/_tsoro/teaching/linux/apply_process.html]
[www.cs.umb.edu/_tsoro/teaching/IT442/Syllabus/syllabus_it442_1_Fall2019.html]
[www.cs.umb.edu/_tsoro/teaching/IT442/Syllabus/syllabus_it442_2_Fall2019.html]
[www.cs.umb.edu/_tsoro/teaching/IT442/Syllabus/syllabus_it442_1.html]
[www.cs.umb.edu/_tsoro/teaching/IT442/class_Schedule_it442 _1.html]
[www.cs.umb.edu/_tsoro/teaching/IT442/Syllabus/syllabus_it442_2.html]
[www.cs.umb.edu/_tsoro/teaching/IT442/class_Schedule_it442 _2.html]
[www.cs.umb.edu/_tsoro/teaching/IT244_html/syllabus_it244.html]
[www.cs.umb.edu/_tsoro/teaching/IT244_html/class_notes_it244/01_class_notes_it244.html]
[www.cs.umb.edu/_tsoro/teaching/IT244_html/class_notes_it244/02_class_notes_it244.html]
[www.cs.umb.edu/_tsoro/teaching/IT244_html/class_notes_it244/03_class_notes_it244.html]
[www.cs.umb.edu/_tsoro/teaching/IT244_html/class_notes_it244/04_class_notes_it244.html]
[www.cs.umb.edu/_tsoro/teaching/IT244_html/class_notes_it244/05_class_notes_it244.html]
[www.cs.umb.edu/_tsoro/teaching/IT244_html/class_notes_it244/06_class_notes_it244.html]
[www.cs.umb.edu/_tsoro/teaching/IT244_html/class_notes_it244/07_class_notes_it244.html]
[www.cs.umb.edu/_tsoro/teaching/IT244_html/class_notes_it244/08_class_notes_it244.html]
[www.cs.umb.edu/_tsoro/teaching/IT244_html/class_notes_it244/09_class_notes_it244.html]
[www.cs.umb.edu/_tsoro/teaching/IT244_html/class_notes_it244/10_class_notes_it244.html]
[www.cs.umb.edu/_tsoro/teaching/IT244_html/class_notes_it244/11_class_notes_it244.html]
[www.cs.umb.edu/_tsoro/teaching/IT244_html/class_notes_it244/12_class_notes_it244.html]
[www.cs.umb.edu/_tsoro/teaching/IT244_html/class_notes_it244/13_class_notes_it244.html]
[www.cs.umb.edu/_tsoro/teaching/IT244_html/class_notes_it244/16_class_notes_it244.html]
[www.cs.umb.edu/_tsoro/teaching/IT244_html/class_notes_it244/17_class_notes_it244.html]
[www.cs.umb.edu/_tsoro/teaching/IT244_html/class_notes_it244/18_class_notes_it244.html]
[www.cs.umb.edu/_tsoro/teaching/IT244_html/class_notes_it244/19_class_notes_it244.html]
[www.cs.umb.edu/_tsoro/teaching/IT244_html/class_notes_it244/20_class_notes_it244.html]
[www.cs.umb.edu/_tsoro/teaching/IT244_html/class_notes_it244/21_class_notes_it244.html]
[www.cs.umb.edu/_tsoro/teaching/IT244_html/class_notes_it244/22_class_notes_it244.html]
[www.cs.umb.edu/_tsoro/teaching/IT244_html/class_notes_it244/23_class_notes_it244.html]
[www.cs.umb.edu/_tsoro/teaching/IT244_html/class_notes_it244/24_class_notes_it244.html]
[www.cs.umb.edu/_tsoro/teaching/IT244_html/class_notes_it244/25_class_notes_it244.html]
[www.cs.umb.edu/_tsoro/teaching/IT244_html/class_notes_it244/Review_class_notes_it244.html]
[www.cs.umb.edu/_tsoro/teaching/IT244_html/class_notes_it244/class_notes_it244.html]
[www.cs.umb.edu/_tsoro/teaching/IT244_html/class_notes_it244/class_notes_index_it244.html]
[www.cs.umb.edu/_tsoro/teaching/IT244_html/exercises_it244/01_exercise_it244.html]
[www.cs.umb.edu/_tsoro/teaching/IT244_html/exercises_it244/02_exercise_it244.html]
[www.cs.umb.edu/_tsoro/teaching/IT244_html/exercises_it244/03_exercise_it244.html]
[www.cs.umb.edu/_tsoro/teaching/IT244_html/exercises_it244/04_exercise_it244.html]
[www.cs.umb.edu/_tsoro/teaching/IT244_html/exercises_it244/05_exercise_it244.html]
[www.cs.umb.edu/_tsoro/teaching/IT244_html/exercises_it244/06_exercise_it244.html]
[www.cs.umb.edu/_tsoro/teaching/IT244_html/exercises_it244/07_exercise_it244.html]
[www.cs.umb.edu/_tsoro/teaching/IT244_html/exercises_it244/08_exercise_it244.html]
[www.cs.umb.edu/_tsoro/teaching/IT244_html/exercises_it244/09_exercise_it244.html]
[www.cs.umb.edu/_tsoro/teaching/IT244_html/exercises_it244/10_exercise_it244.html]
[www.cs.umb.edu/_tsoro/teaching/IT244_html/exercises_it244/11_exercise_it244.html]
[www.cs.umb.edu/_tsoro/teaching/IT244_html/exercises_it244/12_exercise_it244.html]
[www.cs.umb.edu/_tsoro/teaching/IT244_html/exercises_it244/13_exercise_it244.html]
[www.cs.umb.edu/_tsoro/teaching/IT244_html/exercises_it244/16_exercise_it244.html]
[www.cs.umb.edu/_tsoro/teaching/IT244_html/exercises_it244/17_exercise_it244.html]
[www.cs.umb.edu/_tsoro/teaching/IT244_html/exercises_it244/18_exercise_it244.html]
[www.cs.umb.edu/_tsoro/teaching/IT244_html/exercises_it244/19_exercise_it244.html]
[www.cs.umb.edu/_tsoro/teaching/IT244_html/exercises_it244/20_exercise_it244.html]
[www.cs.umb.edu/_tsoro/teaching/IT244_html/exercises_it244/21_exercise_it244.html]
[www.cs.umb.edu/_tsoro/teaching/IT244_html/exercises_it244/22_exercise_it244.html]
[www.cs.umb.edu/_tsoro/teaching/IT244_html/exercises_it244/23_exercise_it244.html]
[www.cs.umb.edu/_tsoro/teaching/IT244_html/exercises_it244/24_exercise_it244.html]
[www.cs.umb.edu/_tsoro/teaching/IT244_html/exercises_it244/25_exercise_it244.html]
[www.cs.umb.edu/_tsoro/teaching/IT244_html/exercises_it244/exercises_it244.html]
[www.cs.umb.edu/_tsoro/teaching/IT244_html/readings_it244.html]
[www.cs.umb.edu/_tsoro/teaching/IT244_html/hw_it244/01_hw_it244.html]
[www.cs.umb.edu/_tsoro/teaching/IT244_html/hw_it244/02_hw_it244.html]
[www.cs.umb.edu/_tsoro/teaching/IT244_html/hw_it244/03_hw_it244.html]
[www.cs.umb.edu/_tsoro/teaching/IT244_html/hw_it244/04_hw_it244.html]
[www.cs.umb.edu/_tsoro/teaching/IT244_html/hw_it244/05_hw_it244.html]
[www.cs.umb.edu/_tsoro/teaching/IT244_html/hw_it244/06_hw_it244.html]
[www.cs.umb.edu/_tsoro/teaching/IT244_html/hw_it244/07_hw_it244.html]
[www.cs.umb.edu/_tsoro/teaching/IT244_html/hw_it244/08_hw_it244.html]
[www.cs.umb.edu/_tsoro/teaching/IT244_html/hw_it244/09_hw_it244.html]
[www.cs.umb.edu/_tsoro/teaching/IT244_html/hw_it244/10_hw_it244.html]
[www.cs.umb.edu/_tsoro/teaching/IT244_html/hw_it244/11_hw_it244.html]
[www.cs.umb.edu/_tsoro/teaching/IT244_html/hw_it244/homework_it244.html]
[www.cs.umb.edu/_tsoro/teaching/IT244_html/class_quizzes_it244/03_class_quiz_it244.html]
[www.cs.umb.edu/_tsoro/teaching/IT244_html/class_quizzes_it244/04_class_quiz_it244.html]
[www.cs.umb.edu/_tsoro/teaching/IT244_html/class_quizzes_it244/05_class_quiz_it244.html]
[www.cs.umb.edu/_tsoro/teaching/IT244_html/class_quizzes_it244/06_class_quiz_it244.html]
[www.cs.umb.edu/_tsoro/teaching/IT244_html/class_quizzes_it244/07_class_quiz_it244.html]
[www.cs.umb.edu/_tsoro/teaching/IT244_html/class_quizzes_it244/08_class_quiz_it244.html]
[www.cs.umb.edu/_tsoro/teaching/IT244_html/class_quizzes_it244/09_class_quiz_it244.html]
[www.cs.umb.edu/_tsoro/teaching/IT244_html/class_quizzes_it244/10_class_quiz_it244.html]
[www.cs.umb.edu/_tsoro/teaching/IT244_html/class_quizzes_it244/11_class_quiz_it244.html]
[www.cs.umb.edu/_tsoro/teaching/IT244_html/class_quizzes_it244/12_class_quiz_it244.html]
[www.cs.umb.edu/_tsoro/teaching/IT244_html/class_quizzes_it244/13_class_quiz_it244.html]
[www.cs.umb.edu/_tsoro/teaching/IT244_html/class_quizzes_it244/16_class_quiz_it244.html]
[www.cs.umb.edu/_tsoro/teaching/IT244_html/class_quizzes_it244/17_class_quiz_it244.html]
[www.cs.umb.edu/_tsoro/teaching/IT244_html/class_quizzes_it244/18_class_quiz_it244.html]
[www.cs.umb.edu/_tsoro/teaching/IT244_html/class_quizzes_it244/19_class_quiz_it244.html]
[www.cs.umb.edu/_tsoro/teaching/IT244_html/class_quizzes_it244/20_class_quiz_it244.html]
[www.cs.umb.edu/_tsoro/teaching/IT244_html/class_quizzes_it244/21_class_quiz_it244.html]
[www.cs.umb.edu/_tsoro/teaching/IT244_html/class_quizzes_it244/22_class_quiz_it244.html]
[www.cs.umb.edu/_tsoro/teaching/IT244_html/class_quizzes_it244/23_class_quiz_it244.html]
[www.cs.umb.edu/_tsoro/teaching/IT244_html/class_quizzes_it244/class_quizzes_it244.html]
[www.cs.umb.edu/_tsoro/teaching/IT244_html/class_quiz_answers_it244/03_class_quiz_answers_it244.html]
[www.cs.umb.edu/_tsoro/teaching/IT244_html/class_quiz_answers_it244/04_class_quiz_answers_it244.html]
[www.cs.umb.edu/_tsoro/teaching/IT244_html/class_quiz_answers_it244/05_class_quiz_answers_it244.html]
[www.cs.umb.edu/_tsoro/teaching/IT244_html/class_quiz_answers_it244/06_class_quiz_answers_it244.html]
[www.cs.umb.edu/_tsoro/teaching/IT244_html/class_quiz_answers_it244/07_class_quiz_answers_it244.html]
[www.cs.umb.edu/_tsoro/teaching/IT244_html/class_quiz_answers_it244/08_class_quiz_answers_it244.html]
[www.cs.umb.edu/_tsoro/teaching/IT244_html/class_quiz_answers_it244/09_class_quiz_answers_it244.html]
[www.cs.umb.edu/_tsoro/teaching/IT244_html/class_quiz_answers_it244/10_class_quiz_answers_it244.html]
[www.cs.umb.edu/_tsoro/teaching/IT244_html/class_quiz_answers_it244/11_class_quiz_answers_it244.html]
[www.cs.umb.edu/_tsoro/teaching/IT244_html/class_quiz_answers_it244/12_class_quiz_answers_it244.html]
[www.cs.umb.edu/_tsoro/teaching/IT244_html/class_quiz_answers_it244/13_class_quiz_answers_it244.html]
[www.cs.umb.edu/_tsoro/teaching/IT244_html/class_quiz_answers_it244/16_class_quiz_answers_it244.html]
[www.cs.umb.edu/_tsoro/teaching/IT244_html/class_quiz_answers_it244/17_class_quiz_answers_it244.html]
[www.cs.umb.edu/_tsoro/teaching/IT244_html/class_quiz_answers_it244/18_class_quiz_answers_it244.html]
[www.cs.umb.edu/_tsoro/teaching/IT244_html/class_quiz_answers_it244/19_class_quiz_answers_it244.html]
[www.cs.umb.edu/_tsoro/teaching/IT244_html/class_quiz_answers_it244/20_class_quiz_answers_it244.html]
[www.cs.umb.edu/_tsoro/teaching/IT244_html/class_quiz_answers_it244/21_class_quiz_answers_it244.html]
[www.cs.umb.edu/_tsoro/teaching/IT244_html/class_quiz_answers_it244/22_class_quiz_answers_it244.html]
[www.cs.umb.edu/_tsoro/teaching/IT244_html/class_quiz_answers_it244/23_class_quiz_answers_it244.html]
[www.cs.umb.edu/_tsoro/teaching/IT244_html/class_quiz_answers_it244/24_class_quiz_answers_it244.html]
[www.cs.umb.edu/_tsoro/teaching/IT244_html/class_quiz_answers_it244/25_class_quiz_answers_it244.html]
[www.cs.umb.edu/_tsoro/teaching/IT244_html/class_quiz_answers_it244/class_quiz_answers_it244.html]
[www.cs.umb.edu/_tsoro/teaching/IT244_html/weekly_quiz_answers_it244/01_quiz_answers_it244.html]
[www.cs.umb.edu/_tsoro/teaching/IT244_html/weekly_quiz_answers_it244/02_quiz_answers_it244.html]
[www.cs.umb.edu/_tsoro/teaching/IT244_html/weekly_quiz_answers_it244/03_quiz_answers_it244.html]
[www.cs.umb.edu/_tsoro/teaching/IT244_html/weekly_quiz_answers_it244/04_quiz_answers_it244.html]
[www.cs.umb.edu/_tsoro/teaching/IT244_html/weekly_quiz_answers_it244/weekly_quiz_answers_it244.html]
[www.cs.umb.edu/_tsoro/teaching/IT244_html/definitions.html]
[www.cs.umb.edu/_tsoro/teaching/IT244_html/resources_it244.html]
[www.cs.umb.edu/_tsoro/teaching/linux/fixing_problems_with_accounts.html]
[www.cs.umb.edu/_tsoro/teaching/IT244_html/permissions_practice_answers_it244.html]
[www.cs.umb.edu/_tsoro/teaching/IT244_html/permissions_practice_it244.html]
[www.cs.umb.edu/_tsoro/teaching/IT244_html/shell_scripts_homework.html]
[www.cs.umb.edu/_tsoro/teaching/definitions.html]
[www.cs.umb.edu/_tsoro/teaching/IT244_html/class_notes_it244/01_class_notes_it244.html]
[www.cs.umb.edu/_tsoro/teaching/IT244_html/class_notes_it244/02_class_notes_it244.html]
[www.cs.umb.edu/_tsoro/teaching/IT244_html/class_notes_it244/03_class_notes_it244.html]
[www.cs.umb.edu/_tsoro/teaching/IT244_html/class_notes_it244/04_class_notes_it244.html]
[www.cs.umb.edu/_tsoro/teaching/IT244_html/class_notes_it244/05_class_notes_it244.html]
[www.cs.umb.edu/_tsoro/teaching/IT244_html/class_notes_it244/06_class_notes_it244.html]
[www.cs.umb.edu/_tsoro/teaching/IT244_html/class_notes_it244/image1_note8.png]
[www.cs.umb.edu/_tsoro/teaching/IT244_html/class_notes_it244/image1_note7.png]
[www.cs.umb.edu/_tsoro/teaching/IT244_html/class_notes_it244/07_class_notes_it244.html]
[www.cs.umb.edu/_tsoro/teaching/IT244_html/class_notes_it244/image2_note8.png]
[www.cs.umb.edu/_tsoro/teaching/IT244_html/class_notes_it244/image3_note8.png]
[www.cs.umb.edu/_tsoro/teaching/IT244_html/class_notes_it244/image4_note8.png]
[www.cs.umb.edu/_tsoro/teaching/IT244_html/class_notes_it244/image5_note8.png]
[www.cs.umb.edu/_tsoro/teaching/IT244_html/class_notes_it244/image6_note8.png]
[www.cs.umb.edu/_tsoro/teaching/IT244_html/class_notes_it244/image7_note8.png]
[www.cs.umb.edu/_tsoro/teaching/IT244_html/class_notes_it244/08_class_notes_it244.html]
[www.cs.umb.edu/_tsoro/teaching/IT244_html/class_notes_it244/09_class_notes_it244.html]
[www.cs.umb.edu/_tsoro/teaching/IT244_html/class_notes_it244/image1_note10.png]
[www.cs.umb.edu/_tsoro/teaching/IT244_html/class_notes_it244/10_class_notes_it244.html]
[www.cs.umb.edu/_tsoro/teaching/IT244_html/class_notes_it244/11_class_notes_it244.html]
[www.cs.umb.edu/_tsoro/teaching/IT244_html/class_notes_it244/image1_note12.png]
[www.cs.umb.edu/_tsoro/teaching/IT244_html/class_notes_it244/image2_note12.png]
[www.cs.umb.edu/_tsoro/teaching/IT244_html/class_notes_it244/12_class_notes_it244.html]
[www.cs.umb.edu/_tsoro/teaching/IT244_html/class_notes_it244/13_class_notes_it244.html]
[www.cs.umb.edu/_tsoro/teaching/IT244_html/class_notes_it244/16_class_notes_it244.html]
[www.cs.umb.edu/_tsoro/teaching/IT244_html/midterm_answers_f17_it244.html]
[www.cs.umb.edu/_tsoro/teaching/IT244_html/class_notes_it244/17_class_notes_it244.html]
[www.cs.umb.edu/_tsoro/teaching/IT244_html/class_notes_it244/18_class_notes_it244.html]
[www.cs.umb.edu/_tsoro/teaching/IT244_html/class_notes_it244/19_class_notes_it244.html]
[www.cs.umb.edu/_tsoro/teaching/IT244_html/class_notes_it244/20_class_notes_it244.html]
[www.cs.umb.edu/_tsoro/teaching/IT244_html/class_notes_it244/21_class_notes_it244.html]
[www.cs.umb.edu/_tsoro/teaching/IT244_html/class_notes_it244/22_class_notes_it244.html]
[www.cs.umb.edu/_tsoro/teaching/IT244_html/class_notes_it244/23_class_notes_it244.html]
[www.cs.umb.edu/_tsoro/teaching/IT244_html/class_notes_it244/14_class_notes_it244.html]
[www.cs.umb.edu/_tsoro/teaching/IT244_html/class_notes_it244/24_class_notes_it244.html]
[www.cs.umb.edu/_tsoro/teaching/IT244_html/class_notes_it244/25_class_notes_it244.html]
[www.cs.umb.edu/_tsoro/teaching/IT244_html/class_notes_it244/Review_class_notes_it244.html]
[www.cs.umb.edu/_tsoro/teaching/IT244_html/class_notes_it244/03_class_notes_it244-2.html]
[www.cs.umb.edu/_tsoro/teaching/IT244_html/exercises_it244/01_exercise_it244.html]
[www.cs.umb.edu/_tsoro/teaching/IT244_html/exercises_it244/02_exercise_it244.html]
[www.cs.umb.edu/_tsoro/teaching/IT244_html/exercises_it244/03_exercise_it244.html]
[www.cs.umb.edu/_tsoro/teaching/IT244_html/exercises_it244/04_exercise_it244.html]
[www.cs.umb.edu/_tsoro/teaching/IT244_html/exercises_it244/05_exercise_it244.html]
[www.cs.umb.edu/_tsoro/teaching/IT244_html/exercises_it244/06_exercise_it244.html]
[www.cs.umb.edu/_tsoro/teaching/IT244_html/exercises_it244/07_exercise_it244.html]
[www.cs.umb.edu/_tsoro/teaching/IT244_html/exercises_it244/08_exercise_it244.html]
[www.cs.umb.edu/_tsoro/teaching/IT244_html/exercises_it244/09_exercise_it244.html]
[www.cs.umb.edu/_tsoro/teaching/IT244_html/exercises_it244/10_exercise_it244.html]
[www.cs.umb.edu/_tsoro/teaching/IT244_html/exercises_it244/11_exercise_it244.html]
[www.cs.umb.edu/_tsoro/teaching/IT244_html/exercises_it244/12_exercise_it244.html]
[www.cs.umb.edu/_tsoro/teaching/IT244_html/exercises_it244/13_exercise_it244.html]
[www.cs.umb.edu/_tsoro/teaching/IT244_html/exercises_it244/16_exercise_it244.html]
[www.cs.umb.edu/_tsoro/teaching/IT244_html/exercises_it244/17_exercise_it244.html]
[www.cs.umb.edu/_tsoro/teaching/IT244_html/exercises_it244/18_exercise_it244.html]
[www.cs.umb.edu/_tsoro/teaching/IT244_html/exercises_it244/19_exercise_it244.html]
[www.cs.umb.edu/_tsoro/teaching/IT244_html/exercises_it244/20_exercise_it244.html]
[www.cs.umb.edu/_tsoro/teaching/IT244_html/exercises_it244/21_exercise_it244.html]
[www.cs.umb.edu/_tsoro/teaching/IT244_html/exercises_it244/22_exercise_it244.html]
[www.cs.umb.edu/_tsoro/teaching/IT244_html/exercises_it244/23_exercise_it244.html]
[www.cs.umb.edu/_tsoro/teaching/IT244_html/exercises_it244/24_exercise_it244.html]
[www.cs.umb.edu/_tsoro/teaching/IT244_html/exercises_it244/25_exercise_it244.html]
[www.cs.umb.edu/_tsoro/teaching/IT244_html/hw_it244/01_hw_it244.html]
[www.cs.umb.edu/_tsoro/teaching/IT244_html/hw_it244/02_hw_it244.html]
[www.cs.umb.edu/_tsoro/teaching/IT244_html/hw_it244/03_hw_it244.html]
[www.cs.umb.edu/_tsoro/teaching/IT244_html/hw_it244/04_hw_it244.html]
[www.cs.umb.edu/_tsoro/teaching/IT244_html/hw_it244/05_hw_it244.html]
[www.cs.umb.edu/_tsoro/teaching/IT244_html/hw_it244/06_hw_it244.html]
[www.cs.umb.edu/_tsoro/teaching/IT244_html/hw_it244/07_hw_it244.html]
[www.cs.umb.edu/_tsoro/teaching/IT244_html/hw_it244/08_hw_it244.html]
[www.cs.umb.edu/_tsoro/teaching/IT244_html/hw_it244/09_hw_it244.html]
[www.cs.umb.edu/_tsoro/teaching/IT244_html/hw_it244/10_hw_it244.html]
[www.cs.umb.edu/_tsoro/teaching/IT244_html/hw_it244/11_hw_it244.html]
[www.cs.umb.edu/_tsoro/teaching/IT244_html/class_quizzes_it244/03_class_quiz_it244.html]
[www.cs.umb.edu/_tsoro/teaching/IT244_html/class_quizzes_it244/04_class_quiz_it244.html]
[www.cs.umb.edu/_tsoro/teaching/IT244_html/class_quizzes_it244/05_class_quiz_it244.html]
[www.cs.umb.edu/_tsoro/teaching/IT244_html/class_quizzes_it244/06_class_quiz_it244.html]
[www.cs.umb.edu/_tsoro/teaching/IT244_html/class_quizzes_it244/07_class_quiz_it244.html]
[www.cs.umb.edu/_tsoro/teaching/IT244_html/class_quizzes_it244/08_class_quiz_it244.html]
[www.cs.umb.edu/_tsoro/teaching/IT244_html/class_quizzes_it244/09_class_quiz_it244.html]
[www.cs.umb.edu/_tsoro/teaching/IT244_html/class_quizzes_it244/10_class_quiz_it244.html]
[www.cs.umb.edu/_tsoro/teaching/IT244_html/class_quizzes_it244/11_class_quiz_it244.html]
[www.cs.umb.edu/_tsoro/teaching/IT244_html/class_quizzes_it244/12_class_quiz_it244.html]
[www.cs.umb.edu/_tsoro/teaching/IT244_html/class_quizzes_it244/13_class_quiz_it244.html]
[www.cs.umb.edu/_tsoro/teaching/IT244_html/class_quizzes_it244/16_class_quiz_it244.html]
[www.cs.umb.edu/_tsoro/teaching/IT244_html/class_quizzes_it244/17_class_quiz_it244.html]
[www.cs.umb.edu/_tsoro/teaching/IT244_html/class_quizzes_it244/18_class_quiz_it244.html]
[www.cs.umb.edu/_tsoro/teaching/IT244_html/class_quizzes_it244/19_class_quiz_it244.html]
[www.cs.umb.edu/_tsoro/teaching/IT244_html/class_quizzes_it244/20_class_quiz_it244.html]
[www.cs.umb.edu/_tsoro/teaching/IT244_html/class_quizzes_it244/21_class_quiz_it244.html]
[www.cs.umb.edu/_tsoro/teaching/IT244_html/class_quizzes_it244/22_class_quiz_it244.html]
[www.cs.umb.edu/_tsoro/teaching/IT244_html/class_quizzes_it244/23_class_quiz_it244.html]
[www.cs.umb.edu/_tsoro/teaching/IT244_html/class_quiz_answers_it244/03_class_quiz_answers_it244.html]
[www.cs.umb.edu/_tsoro/teaching/IT244_html/class_quiz_answers_it244/04_class_quiz_answers_it244.html]
[www.cs.umb.edu/_tsoro/teaching/IT244_html/class_quiz_answers_it244/05_class_quiz_answers_it244.html]
[www.cs.umb.edu/_tsoro/teaching/IT244_html/class_quiz_answers_it244/06_class_quiz_answers_it244.html]
[www.cs.umb.edu/_tsoro/teaching/IT244_html/class_quiz_answers_it244/07_class_quiz_answers_it244.html]
[www.cs.umb.edu/_tsoro/teaching/IT244_html/class_quiz_answers_it244/08_class_quiz_answers_it244.html]
[www.cs.umb.edu/_tsoro/teaching/IT244_html/class_quiz_answers_it244/09_class_quiz_answers_it244.html]
[www.cs.umb.edu/_tsoro/teaching/IT244_html/class_quiz_answers_it244/10_class_quiz_answers_it244.html]
[www.cs.umb.edu/_tsoro/teaching/IT244_html/class_quiz_answers_it244/11_class_quiz_answers_it244.html]
[www.cs.umb.edu/_tsoro/teaching/IT244_html/class_quiz_answers_it244/12_class_quiz_answers_it244.html]
[www.cs.umb.edu/_tsoro/teaching/IT244_html/class_quiz_answers_it244/13_class_quiz_answers_it244.html]
[www.cs.umb.edu/_tsoro/teaching/IT244_html/class_quiz_answers_it244/16_class_quiz_answers_it244.html]
[www.cs.umb.edu/_tsoro/teaching/IT244_html/class_quiz_answers_it244/17_class_quiz_answers_it244.html]
[www.cs.umb.edu/_tsoro/teaching/IT244_html/class_quiz_answers_it244/18_class_quiz_answers_it244.html]
[www.cs.umb.edu/_tsoro/teaching/IT244_html/class_quiz_answers_it244/19_class_quiz_answers_it244.html]
[www.cs.umb.edu/_tsoro/teaching/IT244_html/class_quiz_answers_it244/20_class_quiz_answers_it244.html]
[www.cs.umb.edu/_tsoro/teaching/IT244_html/class_quiz_answers_it244/21_class_quiz_answers_it244.html]
[www.cs.umb.edu/_tsoro/teaching/IT244_html/class_quiz_answers_it244/22_class_quiz_answers_it244.html]
[www.cs.umb.edu/_tsoro/teaching/IT244_html/class_quiz_answers_it244/23_class_quiz_answers_it244.html]
[www.cs.umb.edu/_tsoro/teaching/IT244_html/class_quiz_answers_it244/24_class_quiz_answers_it244.html]
[www.cs.umb.edu/_tsoro/teaching/IT244_html/class_quiz_answers_it244/25_class_quiz_answers_it244.html]
[www.cs.umb.edu/_tsoro/teaching/IT244_html/weekly_quiz_answers_it244/01_quiz_answers_it244.html]
[www.cs.umb.edu/_tsoro/teaching/IT244_html/weekly_quiz_answers_it244/02_quiz_answers_it244.html]
[www.cs.umb.edu/_tsoro/teaching/IT244_html/weekly_quiz_answers_it244/03_quiz_answers_it244.html]
[www.cs.umb.edu/_tsoro/teaching/IT244_html/weekly_quiz_answers_it244/04_quiz_answers_it244.html]
[www.cs.umb.edu/_tsoro/teaching/IT244_html/file_object.html]
[www.cs.umb.edu/_tsoro/teaching/IT244_html/variable.html]
[www.cs.umb.edu/_tsoro/teaching/IT244_html/assignment_operator.html]
[www.cs.umb.edu/_tsoro/teaching/IT244_html/readline_library.html]
[www.cs.umb.edu/_tsoro/teaching/IT244_html/subclass.html]
[www.cs.umb.edu/_tsoro/teaching/IT244_html/shell.html]
[www.cs.umb.edu/_tsoro/teaching/IT244_html/process.html]
[www.cs.umb.edu/_tsoro/teaching/IT244_html/link.html]
[www.cs.umb.edu/_tsoro/teaching/IT244_html/tuple.html]
[www.cs.umb.edu/_tsoro/teaching/IT244_html/concatenation.html]
[www.cs.umb.edu/_tsoro/teaching/IT244_html/local_variable.html]
[www.cs.umb.edu/_tsoro/teaching/IT244_html/child_process.html]
[www.cs.umb.edu/_tsoro/teaching/IT244_html/loop.html]
[www.cs.umb.edu/_tsoro/teaching/IT244_html/command_line_editing.html]
[www.cs.umb.edu/_tsoro/teaching/IT244_html/function.html]
[www.cs.umb.edu/_tsoro/teaching/IT244_html/sequence.html]
[www.cs.umb.edu/_tsoro/teaching/IT244_html/structured_query_language.html]
[www.cs.umb.edu/_tsoro/teaching/IT244_html/kernel.html]
[www.cs.umb.edu/_tsoro/teaching/IT244_html/permissions_practice_answers_it244.html]
[www.cs.umb.edu/_tsoro/teaching/IT244_html/midterm_answers_f17_it244.html]
[www.cs.umb.edu/_tsoro/teaching/IT244_html/weekly_quiz_answers_it244/06_quiz_answers_it244.html]
[www.cs.umb.edu/_tsoro/teaching/IT244_html/weekly_quiz_answers_it244/07_quiz_answers_it244.html]
[www.cs.umb.edu/_tsoro/teaching/IT244_html/weekly_quiz_answers_it244/08_quiz_answers_it244.html]
[www.cs.umb.edu/_tsoro/teaching/IT244_html/class_notes_it244/14_class_notes_it244.html]
[www.cs.umb.edu/static/bootstrap.min.css]
[www.umb.edu/editor_uploads/images/registrar/UndergradCertificateProgramApplication_Sp18_v2.pdf]
[www.cs.umb.edu/static/bootstrap_carousel.css]
[www.cs.umb.edu/static/layout/scripts/nivo-lightbox/nivo-lightbox.min.css]
[www.cs.umb.edu/static/layout/styles/framework.css]
[www.cs.umb.edu/static/layout/styles/layout.css]
[www.cs.umb.edu/static/images/calendar.gif]
[www.cs.umb.edu/static/event.css]
[www.cs.umb.edu/static/layout/styles/fonts/fontawesome-webfont.24a78ce.delayed]
[www.cs.umb.edu/static/layout/styles/fonts/fontawesome-webfontd41d.eot]
[www.cs.umb.edu/static/layout/styles/fonts/fontawesome-webfont78ce.woff]
[www.cs.umb.edu/static/layout/styles/fonts/fontawesome-webfont78ce.ttf]
[www.cs.umb.edu/static/layout/styles/fontawesome-4.2.0.min.css]
[www.cs.umb.edu/static/carousel.css]
[www.cs.umb.edu/static/style.css]
[www.cs.umb.edu/news_and_events/events_calendar/284/index.html]
[www.cs.umb.edu/academics/courses/CS105/index.html]
[www.cs.umb.edu/_gghinita/index.html]
[www.cs.umb.edu/media/documents/Nonimmigrant_Visa_Options_after_Practical_Training.html]
[www.cs.umb.edu/media/documents/seminar_event.docx]
[www.cs.umb.edu/_ming/index.html]
[cdnjs.cloudflare.com/ajax/libs/skeleton/2.0.4/skeleton.min.css]
[www.cs.umb.edu/_fatemeh/style.css]
[www.cs.umb.edu_443/_fatemeh/Syllabus.html]
[www.cs.umb.edu/_fatemeh/CS310_files/kleinberg-tardos.html]
[www.cs.umb.edu_443/_fatemeh/CS310_files/CS310 summer-hw1.html]
[www.cs.umb.edu_443/_fatemeh/CS310_files/CS310 summer 2019-s1.html]
[www.cs.umb.edu_443/_fatemeh/CS310_files/CS310 summer 2019-hw2.html]
[www.cs.umb.edu_443/_fatemeh/CS310_files/Summer2019-hw2-sol.html]
[www.cs.umb.edu_443/_fatemeh/CS310_files/CS310 summer 2019-hw3.html]
[www.cs.umb.edu_443/_fatemeh/CS310_files/pa01.html]
[www.cs.umb.edu_443/_fatemeh/CS310_files/CS310 summer 2019-hw3-sol.html]
[www.cs.umb.edu_443/_fatemeh/CS310_files/CS310 summer 2019-hw4.html]
[www.cs.umb.edu_443/_fatemeh/CS310_files/CS310 summer 2019-hw4-sol.html]
[www.cs.umb.edu_443/_fatemeh/CS310_files/Midterm Bonus Questions.html]
[www.cs.umb.edu_443/_fatemeh/CS310_files/CS310 summer 2019-hw5.html]
[www.cs.umb.edu_443/_fatemeh/CS310_files/intro_new.html]
[www.cs.umb.edu_443/_fatemeh/CS310_files/runtime.html]
[www.cs.umb.edu_443/_fatemeh/CS310_files/APICollections1.html]
[www.cs.umb.edu_443/_fatemeh/CS310_files/Hashing.html]
[www.cs.umb.edu_443/_fatemeh/CS310_files/34HashTables.html]
[www.cs.umb.edu_443/_fatemeh/CS310_files/mid_s2019.html]
[www.cs.umb.edu_443/_fatemeh/CS310_files/mid_s2019_sol.html]
[www.cs.umb.edu_443/_fatemeh/CS310_files/Midterm Topics and Rules.html]
[www.cs.umb.edu_443/_fatemeh/CS310_files/Instructions for the programming assignment.html]
[www.cs.umb.edu_443/_fatemeh/CS310_files/Dynamicprogramming.html]
[www.cs.umb.edu_443/_fatemeh/CS310_files/Tries.html]
[www.cs.umb.edu_443/_fatemeh/CS310_files/Compression.html]
[www.cs.umb.edu_443/_fatemeh/CS310_files/flow.html]
[www.cs.umb.edu_443/_fatemeh/CS310_files/NP.html]
[www.cs.umb.edu_443/_fatemeh/CS310_files/practicefinal.html]
[www.cs.umb.edu_443/_fatemeh/CS310_files/Final Topics and Rules.html]
[www.cs.umb.edu/_tsoro/picture.png]
[www.cs.umb.edu/_tsoro/main_home.css]
[www.cs.umb.edu/_tsoro/teaching/IT244_html/class_notes.css]
[www.cs.umb.edu/style_lib/courses.html]
[www.cs.umb.edu/_tsoro/class_notes.html]
[www.cs.umb.edu/_tsoro/teaching/it_advising.html]
[www.cs.umb.edu/_tsoro/teaching/general_education_distribution.html]
[www.cs.umb.edu/_tsoro/teaching/IT341/class_notes.html]
[www.cs.umb.edu/_tsoro/teaching/IT442/class_notes.html]
[www.cs.umb.edu/_tsoro/teaching/IT442/Syllabus/syllabus_it442_2_Fall2019.html]
[www.cs.umb.edu/_tsoro/teaching/IT442/Syllabus/syllabus_it442_1.html]
[www.cs.umb.edu/_tsoro/teaching/images/directory_paths.html]
[www.cs.umb.edu/_tsoro/teaching/linux/images/absolute_pathname.html]
[www.cs.umb.edu/_tsoro/teaching/linux/images/relative_path_current_directory.html]
[www.cs.umb.edu/_tsoro/teaching/linux/images/relative_path_descendent_directory.html]
[www.cs.umb.edu/_tsoro/teaching/linux/images/relative_pathname_ancestor_directory.html]
[www.cs.umb.edu/_tsoro/teaching/linux/images/relative_pathname_side_directory.html]
[www.cs.umb.edu/_tsoro/teaching/IT442/Syllabus/class_notes.html]
[www.cs.umb.edu/_tsoro/teaching/class_notes.html]
[www.cs.umb.edu/_tsoro/teaching/IT244_html/class_notes_it244/image3_note8.html]
[www.cs.umb.edu/_tsoro/teaching/IT244_html/class_notes_it244/image4_note8.html]
[www.cs.umb.edu/_tsoro/teaching/IT244_html/class_notes_it244/image5_note8.html]
[www.cs.umb.edu/_tsoro/teaching/IT244_html/class_notes_it244/image6_note8.html]
[www.cs.umb.edu/_tsoro/teaching/IT244_html/class_notes_it244/image7_note8.html]
[www.cs.umb.edu/_tsoro/teaching/IT244_html/exercises_it244/exercise_images_it244/22_exercise_arg_test_it244.html]
[www.cs.umb.edu/_tsoro/teaching/IT244_html/exercises_it244/exercise_images_it244/23_exercise_arg_count_it244.html]
[www.cs.umb.edu/_tsoro/teaching/IT244_html/exercises_it244/exercise_images_it244/23_exercise_arg_count_2_it244.html]
[www.cs.umb.edu/_tsoro/teaching/IT244_html/exercises_it244/exercise_images_it244/24_exercise_for_1_it244.html]
[www.cs.umb.edu/_tsoro/teaching/IT244_html/exercises_it244/exercise_images_it244/24_exercise_for_2_it244.html]
[www.cs.umb.edu/_tsoro/teaching/IT244_html/exercises_it244/exercise_images_it244/24_exercise_for_3_it244.html]
[www.cs.umb.edu/_tsoro/teaching/IT244_html/exercises_it244/exercise_images_it244/24_exercise_count_to_five_it244.html]
[www.cs.umb.edu/_tsoro/teaching/IT244_html/exercises_it244/exercise_images_it244/24_exercise_count_until_it244.html]
[www.cs.umb.edu/_tsoro/teaching/IT244_html/exercises_it244/exercise_images_it244/24_exercise_continue_it244.html]
[www.cs.umb.edu/_tsoro/teaching/IT244_html/exercises_it244/exercise_images_it244/24_exercise_break_it244.html]
[www.cs.umb.edu/_tsoro/teaching/IT244_html/exercises_it244/exercise_images_it244/25_exercise_case_it244.html]
[www.cs.umb.edu/_tsoro/teaching/IT244_html/exercises_it244/exercise_images_it244/25_exercise_select_it244.html]
[www.cs.umb.edu/_tsoro/teaching/IT244_html/exercises_it244/exercise_images_it244/25_exercise_here_it244.html]
[www.cs.umb.edu/_tsoro/teaching/IT244_html/midterm_directory_tree_it244.html]
[www.cs.umb.edu/_tsoro/teaching/IT244_html/class_notes_it244/images_it244/directory_family.html]
[www.cs.umb.edu/_tsoro/teaching/IT244_html/class_notes_it244/images_it244/directory_paths.html]
[www.cs.umb.edu/_tsoro/teaching/IT244_html/class_notes_it244/images_it244/absolute_pathname.html]
[www.cs.umb.edu/_tsoro/teaching/IT244_html/class_notes_it244/images_it244/relative_path_current_directory.html]
[www.cs.umb.edu/_tsoro/teaching/IT244_html/class_notes_it244/images_it244/relative_path_descendant_directory.html]
[www.cs.umb.edu/_tsoro/teaching/IT244_html/class_notes_it244/images_it244/relative_pathname_ancestor_directory.html]
[www.cs.umb.edu/_tsoro/teaching/IT244_html/class_notes_it244/images_it244/relative_pathname_side_directory.html]
[www.cs.umb.edu/img/glyphicons-halflings.html]
[www.cs.umb.edu/img/glyphicons-halflings-white.html]
[www.cs.umb.edu/static/layout/scripts/nivo-lightbox/images/loading.gif]
[www.cs.umb.edu/static/layout/scripts/nivo-lightbox/images/prev.png]
[www.cs.umb.edu/static/layout/scripts/nivo-lightbox/images/next.png]
[www.cs.umb.edu/static/layout/scripts/nivo-lightbox/images/close.png]
[www.cs.umb.edu/static/layout/scripts/nivo-lightbox/images/loading@2x.gif]
[www.cs.umb.edu/static/layout/scripts/nivo-lightbox/images/prev@2x.png]
[www.cs.umb.edu/static/layout/scripts/nivo-lightbox/images/next@2x.png]
[www.cs.umb.edu/static/layout/scripts/nivo-lightbox/images/close@2x.png]
[www.cs.umb.edu/static/layout/scripts/nivo-lightbox/nivo-lightbox.min.css]
[www.cs.umb.edu/static/layout/styles/framework.css]
[www.cs.umb.edu/static/layout/styles/fonts/fontawesome-webfont78ce.svg]
[media.smashingmagazine.com/wp-content/uploads/2010/05/VI-Help-Sheet-01-large2.jpg]
